Testing variation: assistantId
Status: 400
Response: {"message":"INVALID REQUEST: The provided API key is not authorized to use this assistant. Please make sure that the assistant is shared with this API key. To verify, go to: Assistants -> Select Assistant -> Share (Top right). If you want to use a temporary Assistant, please use the 'assistant' request object."}

Testing variation: assistant_id
Status: 400
Response: {"message":[{"code":"custom","path":["assistantId","assistant"],"message":"Either assistantId or assistant must be provided, but not both"}]}

Testing variation: assistant (obj)
Status: 400
Response: {"message":[{"expected":"string","code":"invalid_type","path":["assistant","name"],"message":"Invalid input: expected string, received undefined"},{"expected":"string","code":"invalid_type","path":["assistant","instructions"],"message":"Invalid input: expected string, received undefined"}]}

